V ==K lambda y . ( ( lambda x . lambda y . ( x y ) ) y )
