  V ==K ( a ~> #freezer___LAMBDA-SYNTAX1_ ( ( lambda x . lambda y . x ) y z ) )
#Or
  V ==K ( a ~> #freezer___LAMBDA-SYNTAX1_ ( closure ( .Map , x , lambda y . x ) y z ) )
#Or
  V ==K ( y ~> #freezer___LAMBDA-SYNTAX0_ ( closure ( .Map , x , lambda y . x ) ) ~> #freezer___LAMBDA-SYNTAX1_ ( z ) ~> #freezer___LAMBDA-SYNTAX0_ ( a ) )
#Or
  V ==K ( y ~> #freezer___LAMBDA-SYNTAX0_ ( lambda x . lambda y . x ) ~> #freezer___LAMBDA-SYNTAX1_ ( z ) ~> #freezer___LAMBDA-SYNTAX0_ ( a ) )
#Or
  V ==K ( z ~> #freezer___LAMBDA-SYNTAX0_ ( ( lambda x . lambda y . x ) y ) ~> #freezer___LAMBDA-SYNTAX0_ ( a ) )
#Or
  V ==K ( z ~> #freezer___LAMBDA-SYNTAX0_ ( closure ( .Map , x , lambda y . x ) y ) ~> #freezer___LAMBDA-SYNTAX0_ ( a ) )
