Search results:

Solution 1:
V:K@SORT-K -->
32

Solution 2:
V:K@SORT-K -->
33
